#-----------------------------------------------------------
# Vivado v2023.2 (64-bit)
# SW Build 4029153 on Fri Oct 13 20:14:34 MDT 2023
# IP Build 4028589 on Sat Oct 14 00:45:43 MDT 2023
# SharedData Build 4025554 on Tue Oct 10 17:18:54 MDT 2023
# Start of session at: Mon Feb 12 17:12:29 2024
# Process ID: 31736
# Current directory: C:/Users/iamaa/OneDrive/Documents/ArtyA7Projects/BinaryCalcBasys3/BinaryCalcBasys3.runs/synth_1
# Command line: vivado.exe -log BinaryCalc.vds -product Vivado -mode batch -messageDb vivado.pb -notrace -source BinaryCalc.tcl
# Log file: C:/Users/iamaa/OneDrive/Documents/ArtyA7Projects/BinaryCalcBasys3/BinaryCalcBasys3.runs/synth_1/BinaryCalc.vds
# Journal file: C:/Users/iamaa/OneDrive/Documents/ArtyA7Projects/BinaryCalcBasys3/BinaryCalcBasys3.runs/synth_1\vivado.jou
# Running On: amogusbobby, OS: Windows, CPU Frequency: 2904 MHz, CPU Physical cores: 8, Host memory: 34219 MB
#-----------------------------------------------------------
source BinaryCalc.tcl -notrace
